// Jest Snapshot v1, https://goo.gl/fbAQLP

exports[`Icon button style default should match snapshot 1`] = `
.c0 {
  background-color: transparent;
  border-color: transparent;
  box-sizing: border-box;
  -webkit-transform-origin: center;
  -ms-transform-origin: center;
  transform-origin: center;
  -webkit-transition-duration: 0.3s;
  transition-duration: 0.3s;
  -webkit-transition-property: all;
  transition-property: all;
  -webkit-align-items: center;
  -webkit-box-align: center;
  -ms-flex-align: center;
  align-items: center;
  border-color: transparent;
  border-radius: 50%;
  border-style: solid;
  border-width: 2px;
  color: #0000ff;
  display: -webkit-box;
  display: -webkit-flex;
  display: -ms-flexbox;
  display: flex;
  font-size: 1.3em;
  -webkit-box-pack: center;
  -webkit-justify-content: center;
  -ms-flex-pack: center;
  justify-content: center;
  height: 34px;
  padding: 2px;
  position: relative;
  width: 34px;
}

.c0:focus {
  outline: none;
}

.c0::-moz-focus-inner {
  border: 0;
}

.c0:focus,
.c0:hover {
  box-shadow: 0 2px 5px 0 rgba(0,0,0,0.26);
}

.c0:active {
  -webkit-animation-duration: 0.3s;
  animation-duration: 0.3s;
  -webkit-animation-name: click;
  animation-name: click;
}

.c0::before {
  border-radius: 50%;
  content: '';
  height: 100%;
  left: 0;
  position: absolute;
  top: 0;
  -webkit-transition: inherit;
  transition: inherit;
  -webkit-transform: scale(0);
  -ms-transform: scale(0);
  transform: scale(0);
  -webkit-transform-origin: center center;
  -ms-transform-origin: center center;
  transform-origin: center center;
  width: 100%;
  z-index: -1;
}

.c0 {
  background-color: transparent;
  border: none;
  border-radius: 50%;
}

.c0::before {
  background-color: #0000ff;
  opacity: 0;
}

.c0:focus:not([disabled]),
.c0:hover:not([disabled]) {
  box-shadow: none;
  color: #fff;
}

.c0:focus:not([disabled])::before,
.c0:hover:not([disabled])::before {
  opacity: 1;
  -webkit-transform: scale(1);
  -ms-transform: scale(1);
  transform: scale(1);
}

<div>
  <button
    class="c0"
    kind="transparent"
  />
</div>
`;

exports[`Icon button style transparent should match snapshot 1`] = `
.c0 {
  background-color: transparent;
  border-color: transparent;
  box-sizing: border-box;
  -webkit-transform-origin: center;
  -ms-transform-origin: center;
  transform-origin: center;
  -webkit-transition-duration: 0.3s;
  transition-duration: 0.3s;
  -webkit-transition-property: all;
  transition-property: all;
  -webkit-align-items: center;
  -webkit-box-align: center;
  -ms-flex-align: center;
  align-items: center;
  border-color: transparent;
  border-radius: 50%;
  border-style: solid;
  border-width: 2px;
  color: #0000ff;
  display: -webkit-box;
  display: -webkit-flex;
  display: -ms-flexbox;
  display: flex;
  font-size: 1.3em;
  -webkit-box-pack: center;
  -webkit-justify-content: center;
  -ms-flex-pack: center;
  justify-content: center;
  height: 34px;
  padding: 2px;
  position: relative;
  width: 34px;
}

.c0:focus {
  outline: none;
}

.c0::-moz-focus-inner {
  border: 0;
}

.c0:focus,
.c0:hover {
  box-shadow: 0 2px 5px 0 rgba(0,0,0,0.26);
}

.c0:active {
  -webkit-animation-duration: 0.3s;
  animation-duration: 0.3s;
  -webkit-animation-name: click;
  animation-name: click;
}

.c0::before {
  border-radius: 50%;
  content: '';
  height: 100%;
  left: 0;
  position: absolute;
  top: 0;
  -webkit-transition: inherit;
  transition: inherit;
  -webkit-transform: scale(0);
  -ms-transform: scale(0);
  transform: scale(0);
  -webkit-transform-origin: center center;
  -ms-transform-origin: center center;
  transform-origin: center center;
  width: 100%;
  z-index: -1;
}

.c0 {
  background-color: transparent;
  border: none;
  border-radius: 50%;
}

.c0::before {
  background-color: #0000ff;
  opacity: 0;
}

.c0:focus:not([disabled]),
.c0:hover:not([disabled]) {
  box-shadow: none;
  color: #fff;
}

.c0:focus:not([disabled])::before,
.c0:hover:not([disabled])::before {
  opacity: 1;
  -webkit-transform: scale(1);
  -ms-transform: scale(1);
  transform: scale(1);
}

<div>
  <button
    class="c0"
    kind="transparent"
  />
</div>
`;
